[2026-09-30 14:27:09] [::1] [8813084] [INFO] clear_log | Semua log dibersihkan (17 baris, error.log: tidak) oleh 8813084
[2026-09-30 14:29:22] [::1] [8813084] [INFO] login | Berhasil login: 8813084
[2026-09-30 14:36:21] [::1] [8813084] [INFO] upload_sql | Upload backup_rajal_dinkes_2026_2026-09-01_sampai_2026-09-01.sql: mode=replace, 2962 baris, batch=BATCH-20260930-143621-658166, file_hash=07666800fa3a..., raw_hash=07666800fa3a...
[2026-09-30 14:37:08] [::1] [8813084] [INFO] preview_data | Preview: {"raw_rows":2962,"m_pasien":2621,"t_kunjungan":2218,"t_pemeriksaan":1099,"t_diagnosis":1383,"t_tindakan":83,"m_tenaga_kesehatan":72,"t_resep":667,"d_resep_detail":2163,"m_obat":107,"t_laboratorium":532,"skipped":0}
[2026-09-30 14:43:33] [::1] [8813084] [INFO] login | Berhasil login: 8813084
[2026-09-30 14:43:37] [::1] [8813084] [INFO] simpan_hasil | Sukses: {"m_pasien":2621,"t_kunjungan":2218,"t_pemeriksaan":1099,"t_diagnosis":1383,"t_tindakan":83,"m_tenaga_kesehatan":72,"t_resep":667,"d_resep_detail":2163,"m_obat":107,"t_laboratorium":532} | result_hash=526c38385759...
[2026-09-30 14:45:41] [::1] [8813084] [INFO] preview_data | Preview: {"raw_rows":2962,"m_pasien":2621,"t_kunjungan":2218,"t_pemeriksaan":1099,"t_diagnosis":1383,"t_tindakan":83,"m_tenaga_kesehatan":72,"t_resep":667,"d_resep_detail":2163,"m_obat":107,"t_laboratorium":532,"skipped":0}
[2026-09-30 14:45:49] [::1] [8813084] [INFO] simpan_hasil | Sukses: {"m_pasien":0,"t_kunjungan":0,"t_pemeriksaan":0,"t_diagnosis":0,"t_tindakan":0,"m_tenaga_kesehatan":0,"t_resep":0,"d_resep_detail":0,"m_obat":0,"t_laboratorium":0} | result_hash=526c38385759...
[2026-09-30 14:46:58] [::1] [8813084] [INFO] preview_data | Preview: {"raw_rows":2962,"m_pasien":2621,"t_kunjungan":2218,"t_pemeriksaan":1099,"t_diagnosis":1383,"t_tindakan":83,"m_tenaga_kesehatan":72,"t_resep":667,"d_resep_detail":2163,"m_obat":107,"t_laboratorium":532,"skipped":0}
[2026-09-30 14:47:59] [::1] [8813084] [INFO] login | Berhasil login: 8813084
[2026-09-30 14:47:59] [::1] [8813084] [INFO] reset_data | Reset 10 tabel normalisasi (s_backup_raw dipertahankan)
[2026-09-30 14:48:03] [::1] [8813084] [INFO] simpan_hasil | Sukses: {"m_pasien":2621,"t_kunjungan":2218,"t_pemeriksaan":1099,"t_diagnosis":1383,"t_tindakan":83,"m_tenaga_kesehatan":72,"t_resep":667,"d_resep_detail":2163,"m_obat":107,"t_laboratorium":532} | result_hash=cdfc14164b3f...
[2026-09-30 14:49:38] [::1] [8813084] [INFO] login | Berhasil login: 8813084
[2026-09-30 14:50:12] [::1] [8813084] [INFO] login | Berhasil login: 8813084
[2026-09-30 14:50:24] [::1] [8813084] [INFO] login | Berhasil login: 8813084
[2026-09-30 14:50:24] [::1] [8813084] [INFO] verify_batch | Batch BATCH-20260930-143621-658166 diverifikasi MATCH oleh 8813084
[2026-09-30 14:50:24] [::1] [8813084] [INFO] verify_batch | Batch BATCH-20260930-143621-658166 diverifikasi MATCH oleh 8813084
[2026-09-30 14:50:24] [::1] [8813084] [INFO] verify_batch | Batch BATCH-20260930-143621-658166 diverifikasi MATCH oleh 8813084
[2026-09-30 14:53:36] [::1] [8813084] [INFO] preview_data | Preview: {"raw_rows":2962,"m_pasien":2621,"t_kunjungan":2218,"t_pemeriksaan":1099,"t_diagnosis":1383,"t_tindakan":83,"m_tenaga_kesehatan":72,"t_resep":667,"d_resep_detail":2163,"m_obat":107,"t_laboratorium":532,"skipped":0}
[2026-09-30 14:53:50] [::1] [8813084] [INFO] upload_sql | Upload backup_rajal_dinkes_2026_2026-08-01_sampai_2026-08-01.sql: mode=append, 608 baris, batch=BATCH-20260930-145349-85cf23, file_hash=bac550494c1b..., raw_hash=bac550494c1b...
[2026-09-30 14:53:58] [::1] [8813084] [INFO] preview_data | Preview: {"raw_rows":3570,"m_pasien":3166,"t_kunjungan":2716,"t_pemeriksaan":1537,"t_diagnosis":1977,"t_tindakan":96,"m_tenaga_kesehatan":73,"t_resep":1053,"d_resep_detail":3525,"m_obat":133,"t_laboratorium":625,"skipped":0}
[2026-09-30 14:54:12] [::1] [8813084] [INFO] simpan_hasil | Sukses: {"m_pasien":545,"t_kunjungan":498,"t_pemeriksaan":438,"t_diagnosis":594,"t_tindakan":13,"m_tenaga_kesehatan":1,"t_resep":386,"d_resep_detail":1362,"m_obat":24,"t_laboratorium":93} | result_hash=7c73f26e1f50...
[2026-09-30 14:55:46] [::1] [8813084] [INFO] verify_batch | Batch BATCH-20260930-145349-85cf23 diverifikasi MATCH oleh 8813084
[2026-09-30 14:55:55] [::1] [8813084] [INFO] clear_backup | Kosongkan s_backup_raw (3570 baris dihapus)
[2026-10-01 08:41:49] [::1] [8813084] [INFO] login | Berhasil login: 8813084
[2026-10-01 08:43:05] [::1] [8813084] [INFO] login | Berhasil login: 8813084
[2026-10-01 08:54:26] [::1] [8813084] [INFO] login | Berhasil login: 8813084
[2026-10-01 08:57:30] [::1] [8813084] [INFO] login | Berhasil login: 8813084
[2026-10-01 09:03:24] [::1] [8813084] [INFO] login | Berhasil login: 8813084
[2026-10-01 09:16:35] [::1] [8813084] [INFO] login | Berhasil login: 8813084
[2026-10-01 09:44:35] [::1] [8813084] [INFO] login | Berhasil login: 8813084
[2026-10-01 09:45:25] [::1] [8813084] [INFO] login | Berhasil login: 8813084
[2026-10-01 09:53:38] [::1] [8813084] [INFO] login | Berhasil login: 8813084
[2026-10-01 10:26:48] [127.0.0.1] [8813084] [INFO] login | Berhasil login: 8813084
[2026-10-01 10:28:13] [::1] [8813084] [INFO] login | Berhasil login: 8813084
[2026-10-01 10:29:25] [::1] [8813084] [INFO] login | Berhasil login: 8813084
[2026-10-01 10:29:51] [::1] [8813084] [INFO] login | Berhasil login: 8813084
[2026-10-01 10:36:52] [::1] [8813084] [INFO] login | Berhasil login: 8813084
[2026-10-01 10:37:29] [::1] [8813084] [INFO] login | Berhasil login: 8813084
[2026-10-01 10:52:39] [::1] [8813084] [INFO] login | Berhasil login: 8813084
[2026-10-01 10:52:56] [::1] [8813084] [INFO] login | Berhasil login: 8813084
[2026-10-01 10:53:17] [::1] [8813084] [INFO] login | Berhasil login: 8813084
[2026-10-01 10:53:42] [::1] [8813084] [INFO] login | Berhasil login: 8813084
[2026-10-01 10:53:56] [::1] [8813084] [INFO] login | Berhasil login: 8813084
[2026-10-01 10:54:40] [::1] [8813084] [INFO] login | Berhasil login: 8813084
[2026-10-01 10:56:14] [::1] [8813084] [INFO] login | Berhasil login: 8813084
[2026-10-01 10:58:34] [::1] [8813084] [INFO] login | Berhasil login: 8813084
[2026-10-01 11:04:34] [::1] [8813084] [INFO] login | Berhasil login: 8813084
[2026-10-01 13:20:43] [::1] [guest] [INFO] login | DEV bypass login: 8813084
[2026-10-01 13:20:43] [::1] [8813084] [INFO] login | Berhasil login: 8813084
[2026-10-01 13:21:09] [::1] [guest] [INFO] login | DEV bypass login: 8813084
[2026-10-01 13:21:09] [::1] [8813084] [INFO] login | Berhasil login: 8813084
[2026-10-01 13:27:46] [::1] [8813084] [INFO] login | DEV bypass login: 8813084
[2026-10-01 13:27:46] [::1] [8813084] [INFO] login | Berhasil login: 8813084
[2026-10-01 13:28:28] [::1] [8813084] [INFO] login | DEV bypass login: 8813084
[2026-10-01 13:28:28] [::1] [8813084] [INFO] login | Berhasil login: 8813084
[2026-10-01 13:28:32] [::1] [8813084] [INFO] logout | User logout (manual): 8813084
[2026-10-01 13:28:40] [::1] [guest] [INFO] login | DEV bypass login: 8813084
[2026-10-01 13:28:40] [::1] [8813084] [INFO] login | Berhasil login: 8813084
[2026-10-01 13:32:30] [::1] [8813084] [INFO] login | DEV bypass login: 8813084
[2026-10-01 13:32:30] [::1] [8813084] [INFO] login | Berhasil login: 8813084
[2026-10-01 13:33:55] [::1] [8813084] [INFO] login | DEV bypass login: 8813084
[2026-10-01 13:33:55] [::1] [8813084] [INFO] login | Berhasil login: 8813084
[2026-10-01 13:35:17] [::1] [8813084] [INFO] login | DEV bypass login: 8813084
[2026-10-01 13:35:17] [::1] [8813084] [INFO] login | Berhasil login: 8813084
[2026-10-01 13:35:31] [::1] [8813084] [INFO] logout | User logout (manual): 8813084
[2026-10-01 13:36:19] [::1] [guest] [INFO] login | DEV bypass login: 8813084
[2026-10-01 13:36:19] [::1] [8813084] [INFO] login | Berhasil login: 200303003
[2026-10-01 13:42:51] [::1] [8813084] [INFO] login | Berhasil login: 8813084
[2026-10-01 13:43:00] [::1] [8813084] [INFO] logout | User logout (manual): 8813084
[2026-10-01 13:43:30] [::1] [8813084] [INFO] login | Berhasil login: 8813084
[2026-10-01 13:43:41] [::1] [8813084] [INFO] akun | Tambah akun: 9001234 (user)
[2026-10-01 13:43:52] [::1] [8813084] [INFO] logout | User logout (manual): 8813084
[2026-10-01 13:43:58] [::1] [9001234] [INFO] login | Berhasil login: 9001234
[2026-10-01 13:44:01] [::1] [9001234] [INFO] logout | User logout (manual): 9001234
[2026-10-01 13:44:16] [::1] [9001234] [INFO] login | Berhasil login: 9001234
[2026-10-01 13:44:46] [::1] [8813084] [INFO] login | Berhasil login: 8813084
[2026-10-01 14:15:18] [::1] [8813084] [INFO] login | Berhasil login: 8813084
[2026-10-01 14:15:26] [::1] [8813084] [INFO] upload_sql | Upload backup_rajal_dinkes_2026_2026-09-01_sampai_2026-09-01.sql: mode=replace, 2962 baris, batch=BATCH-20261001-141526-b73b8b, file_hash=07666800fa3a..., raw_hash=07666800fa3a...
[2026-10-01 14:15:34] [::1] [8813084] [INFO] upload_sql | Upload backup_rajal_dinkes_2026_2026-09-01_sampai_2026-09-01.sql: mode=replace, 2962 baris, batch=BATCH-20261001-141533-8c39ec, file_hash=07666800fa3a..., raw_hash=07666800fa3a...
[2026-10-01 14:15:41] [::1] [8813084] [INFO] preview_data | Preview: {"raw_rows":2962,"m_pasien":2621,"t_kunjungan":2218,"t_pemeriksaan":1099,"t_diagnosis":1383,"t_tindakan":83,"m_tenaga_kesehatan":72,"t_resep":667,"d_resep_detail":2163,"m_obat":107,"t_laboratorium":532,"skipped":0}
[2026-10-01 14:15:48] [::1] [8813084] [INFO] simpan_hasil | Sukses: {"m_pasien":0,"t_kunjungan":0,"t_pemeriksaan":0,"t_diagnosis":0,"t_tindakan":0,"m_tenaga_kesehatan":0,"t_resep":0,"d_resep_detail":0,"m_obat":0,"t_laboratorium":0} | result_hash=7c73f26e1f50...
[2026-10-01 14:16:01] [::1] [8813084] [INFO] preview_data | Preview: {"raw_rows":2962,"m_pasien":2621,"t_kunjungan":2218,"t_pemeriksaan":1099,"t_diagnosis":1383,"t_tindakan":83,"m_tenaga_kesehatan":72,"t_resep":667,"d_resep_detail":2163,"m_obat":107,"t_laboratorium":532,"skipped":0}
[2026-10-01 14:16:07] [::1] [8813084] [INFO] simpan_hasil | Sukses: {"m_pasien":0,"t_kunjungan":0,"t_pemeriksaan":0,"t_diagnosis":0,"t_tindakan":0,"m_tenaga_kesehatan":0,"t_resep":0,"d_resep_detail":0,"m_obat":0,"t_laboratorium":0} | result_hash=7c73f26e1f50...
[2026-10-01 14:28:19] [::1] [8813084] [INFO] preview_data | Preview: {"raw_rows":2962,"m_pasien":2621,"t_kunjungan":2218,"t_pemeriksaan":1099,"t_diagnosis":1383,"t_tindakan":83,"m_tenaga_kesehatan":72,"t_resep":667,"d_resep_detail":2163,"m_obat":107,"t_laboratorium":532,"skipped":0}
[2026-10-07 14:30:27] [::1] [8813084] [INFO] login | Berhasil login: 8813084
[2026-10-07 14:31:27] [::1] [8813084] [INFO] login | Berhasil login: 8813084
[2026-10-07 14:36:50] [::1] [8813084] [INFO] login | Berhasil login: 8813084
[2026-10-07 14:37:43] [::1] [8813084] [INFO] login | Berhasil login: 8813084
[2026-10-07 14:55:47] [::1] [8813084] [INFO] login | Berhasil login: 8813084
[2026-10-07 15:00:46] [::1] [8813084] [INFO] upload_chunk_sql | Upload Chunk backup_rajal_dinkes_2026_2026-10-02_sampai_2026-10-02.sql: mode=replace, 2081 baris, batch=BATCH-20261007-150046-94560f
[2026-10-07 15:01:26] [::1] [8813084] [INFO] clear_backup | Kosongkan s_backup_raw (2081 baris dihapus)
[2026-10-07 15:01:35] [::1] [8813084] [INFO] upload_chunk_sql | Upload Chunk backup_rajal_dinkes_2026_2026-10-02_sampai_2026-10-02.sql: mode=replace, 2081 baris, batch=BATCH-20261007-150134-ab1023
[2026-10-07 15:01:41] [::1] [8813084] [INFO] preview_data | Preview: {"raw_rows":2081,"m_pasien":1731,"t_kunjungan":1528,"t_pemeriksaan":1113,"t_diagnosis":1440,"t_tindakan":88,"m_tenaga_kesehatan":79,"t_resep":705,"d_resep_detail":2400,"m_obat":108,"t_laboratorium":629,"skipped":0}
[2026-10-07 15:01:53] [::1] [8813084] [INFO] simpan_hasil | Sukses: {"m_pasien":1655,"t_kunjungan":1528,"t_pemeriksaan":1113,"t_diagnosis":1440,"t_tindakan":88,"m_tenaga_kesehatan":16,"t_resep":705,"d_resep_detail":2400,"m_obat":15,"t_laboratorium":629} | result_hash=cb75893d367d...
[2026-10-07 15:34:18] [::1] [8813084] [INFO] upload_chunk_sql | Upload Chunk backup_rajal_dinkes_2026_2021-01-01_sampai_2021-01-31.sql: mode=replace, 19125 baris, batch=BATCH-20261007-153413-b89a20
[2026-10-07 15:34:50] [::1] [8813084] [INFO] preview_data | Preview: {"raw_rows":19125,"m_pasien":12182,"t_kunjungan":12787,"t_pemeriksaan":9907,"t_diagnosis":12190,"t_tindakan":1236,"m_tenaga_kesehatan":56,"t_resep":5764,"d_resep_detail":16947,"m_obat":153,"t_laboratorium":4645,"skipped":0}
[2026-10-07 15:35:53] [::1] [8813084] [INFO] simpan_hasil | Sukses: {"m_pasien":11649,"t_kunjungan":12787,"t_pemeriksaan":9907,"t_diagnosis":12190,"t_tindakan":1236,"m_tenaga_kesehatan":36,"t_resep":5764,"d_resep_detail":16947,"m_obat":120,"t_laboratorium":4645} | result_hash=838b4f46b502...
[2026-10-07 15:38:25] [::1] [8813084] [INFO] upload_chunk_sql | Upload Chunk backup_rajal_dinkes_2026_2021-01-01_sampai_2021-01-31.sql: mode=replace, 19125 baris, batch=BATCH-20261007-153821-3b34d4
[2026-10-08 09:35:04] [::1] [8813084] [INFO] login | Berhasil login: 8813084
[2026-10-08 09:35:19] [::1] [8813084] [INFO] upload_chunk_sql | Upload Chunk backup_rajal_dinkes_2026_2021-01-01_sampai_2021-01-31.sql: mode=replace, 19125 baris, batch=BATCH-20261008-093516-5d8d10
[2026-10-08 09:35:38] [::1] [8813084] [INFO] preview_data | Preview: {"raw_rows":19125,"m_pasien":12182,"t_kunjungan":12787,"t_pemeriksaan":9907,"t_diagnosis":12190,"t_tindakan":1236,"m_tenaga_kesehatan":56,"t_resep":5764,"d_resep_detail":16947,"m_obat":153,"t_laboratorium":4645,"skipped":0}
[2026-10-08 09:38:55] [::1] [8813084] [INFO] upload_chunk_sql | Upload Chunk backup_rajal_dinkes_2026_2021-01-01_sampai_2021-01-31.sql: mode=replace, 19125 baris, batch=BATCH-20261008-093852-e22d98
[2026-10-08 09:41:26] [::1] [8813084] [INFO] preview_data | Preview: {"raw_rows":19125,"m_pasien":12182,"t_kunjungan":12787,"t_pemeriksaan":9907,"t_diagnosis":12190,"t_tindakan":1236,"m_tenaga_kesehatan":56,"t_resep":5764,"d_resep_detail":16947,"m_obat":153,"t_laboratorium":4645,"skipped":0}
[2026-10-08 09:44:29] [::1] [8813084] [INFO] preview_data | Preview: {"raw_rows":19125,"m_pasien":12182,"t_kunjungan":12787,"t_pemeriksaan":9907,"t_diagnosis":12190,"t_tindakan":1236,"m_tenaga_kesehatan":56,"t_resep":5764,"d_resep_detail":16947,"m_obat":153,"t_laboratorium":4645,"skipped":0}
[2026-10-08 09:44:43] [::1] [8813084] [INFO] upload_chunk_sql | Upload Chunk backup_rajal_dinkes_2026_2026-10-02_sampai_2026-10-02.sql: mode=replace, 2081 baris, batch=BATCH-20261008-094442-b527d7
[2026-10-08 09:44:49] [::1] [8813084] [INFO] preview_data | Preview: {"raw_rows":2081,"m_pasien":1731,"t_kunjungan":1528,"t_pemeriksaan":1113,"t_diagnosis":1440,"t_tindakan":88,"m_tenaga_kesehatan":79,"t_resep":705,"d_resep_detail":2400,"m_obat":108,"t_laboratorium":629,"skipped":0}
[2026-10-08 09:49:06] [::1] [8813084] [INFO] upload_chunk_sql | Upload Chunk backup_rajal_dinkes_2026_2026-10-02_sampai_2026-10-02.sql: mode=replace, 2081 baris, batch=BATCH-20261008-094906-dfb541
[2026-10-08 09:49:13] [::1] [8813084] [INFO] preview_data | Preview: {"raw_rows":2081,"m_pasien":1731,"t_kunjungan":1528,"t_pemeriksaan":1113,"t_diagnosis":1440,"t_tindakan":88,"m_tenaga_kesehatan":79,"t_resep":705,"d_resep_detail":2400,"m_obat":108,"t_laboratorium":629,"skipped":0}
[2026-10-08 10:09:22] [::1] [8813084] [INFO] login | Berhasil login: 8813084
[2026-10-08 10:09:36] [::1] [8813084] [INFO] upload_chunk_sql | Upload Chunk backup_rajal_dinkes_2026_2026-10-02_sampai_2026-10-02.sql: mode=replace, 2081 baris, batch=BATCH-20261008-100935-7512cc
[2026-10-08 10:12:50] [::1] [8813084] [INFO] upload_chunk_sql | Upload Chunk backup_rajal_dinkes_2026_2026-10-02_sampai_2026-10-02.sql: mode=replace, 2081 baris, batch=BATCH-20261008-101250-2acd79
